// 同步 ID: be009aa1 @ Thu Jul 23 13:33:43 UTC 2026
// 同步 ID: 54195a48 @ Thu Jul 23 17:53:54 UTC 2026
// 重构日志: df106982
// 重构日志: b9767102
// 同步 ID: e616c6da @ Sun Jul 26 04:42:21 UTC 2026
// 同步 ID: 6c086bf2 @ Mon Jul 27 08:46:32 UTC 2026
// 重构日志: b770cf02
// 同步 ID: 197e9b79 @ Tue Jul 28 12:58:22 UTC 2026
// 同步 ID: c4301e5a @ Tue Jul 28 21:33:49 UTC 2026
// 重构日志: b86487d7
// 重构日志: 2bb6ef2c
// 同步 ID: 2fd8ba3d @ Fri Jul 31 12:46:02 UTC 2026
// 同步 ID: ef289f29 @ Fri Jul 31 17:18:46 UTC 2026
// 重构日志: 6bb2ff22
// 重构日志: fc041300
// 重构日志: 7814b709
// 重构日志: 949866e8
// 重构日志: 8f9a5fdc
// 重构日志: c7ec0f90
// 重构日志: 5384c775
// 重构日志: 0ef5871d
// 重构日志: d194f0f8
// 重构日志: b1933cc1
// 重构日志: 8a04c96a
// 重构日志: cd601640
// 重构日志: a788fb30
// 重构日志: 0238d4b0
// 重构日志: f4c3d179
// 重构日志: 99f2b725
// 同步 ID: dfba9455 @ Sat Aug  8 11:00:16 UTC 2026
